started_at=2026-07-28T12:37:43+08:00
[transformers] `torch_dtype` is deprecated! Use `dtype` instead!
Traceback (most recent call last):
  File "/home/wzu/.private/rwkv7-native-jit-split-v100-20260728/candidate/tests/test_native_bnb_quant_smoke.py", line 216, in <module>
    raise SystemExit(main())
                     ^^^^^^
  File "/home/wzu/.private/rwkv7-native-jit-split-v100-20260728/candidate/tests/test_native_bnb_quant_smoke.py", line 201, in main
    row = run_one(args, model_path, tok, mode, dtype)
          ^^^^^^^^^^^^^^^^^^^^^^^^^^^^^^^^^^^^^^^^^^^
  File "/home/wzu/.private/rwkv7-native-jit-split-v100-20260728/candidate/tests/test_native_bnb_quant_smoke.py", line 114, in run_one
    model = AutoModelForCausalLM.from_pretrained(model_path, **kwargs).eval()
            ^^^^^^^^^^^^^^^^^^^^^^^^^^^^^^^^^^^^^^^^^^^^^^^^^^^^^^^^^^
  File "/home/data/wangyue/envs/rwkv7/lib/python3.11/site-packages/transformers/models/auto/auto_factory.py", line 391, in from_pretrained
    return model_class.from_pretrained(
           ^^^^^^^^^^^^^^^^^^^^^^^^^^^^
  File "/home/wzu/.cache/huggingface/modules/transformers_modules/native_bnb_remote_code_n7qj7hol/f6d3aba213396529/modeling_rwkv7.py", line 1885, in from_pretrained
    model = NativeRWKV7ForCausalLM.from_pretrained(
            ^^^^^^^^^^^^^^^^^^^^^^^^^^^^^^^^^^^^^^^
  File "/home/wzu/.cache/huggingface/modules/transformers_modules/native_bnb_remote_code_n7qj7hol/f6d3aba213396529/model_quantization.py", line 174, in from_pretrained
    loaded = super().from_pretrained(
             ^^^^^^^^^^^^^^^^^^^^^^^^
  File "/home/data/wangyue/envs/rwkv7/lib/python3.11/site-packages/transformers/modeling_utils.py", line 4327, in from_pretrained
    loading_info, disk_offload_index = cls._load_pretrained_model(model, state_dict, checkpoint_files, load_config)
                                       ^^^^^^^^^^^^^^^^^^^^^^^^^^^^^^^^^^^^^^^^^^^^^^^^^^^^^^^^^^^^^^^^^^^^^^^^^^^^
  File "/home/data/wangyue/envs/rwkv7/lib/python3.11/site-packages/transformers/modeling_utils.py", line 4445, in _load_pretrained_model
    file_pointer = safe_open(file, framework="pt", device="cpu")
                   ^^^^^^^^^^^^^^^^^^^^^^^^^^^^^^^^^^^^^^^^^^^^^
safetensors._safetensors_rust.SafetensorError: Error while deserializing header: incomplete metadata, file not fully covered
finished_at=2026-07-28T12:37:55+08:00
__EXIT__=1
